// Vitest Snapshot v1, https://vitest.dev/guide/snapshot.html

exports[`Headline Component > matches the snapshot 1`] = `
<DocumentFragment>
  <div>
    Web Developer · Open Source Fan · Globe Trotter
  </div>
</DocumentFragment>
`;
