// Vitest Snapshot v1, https://vitest.dev/guide/snapshot.html

exports[`App Page > matches the snapshot 1`] = `<DocumentFragment />`;
